src/returns/returns.service.ts(185,38): error TS2339: Property 'REPLACEMENT_SHIPPED' does not exist on type '{ PENDING_APPROVAL: "PENDING_APPROVAL"; APPROVED: "APPROVED"; REJECTED: "REJECTED"; PICKUP_SCHEDULED: "PICKUP_SCHEDULED"; PICKUP_COMPLETED: "PICKUP_COMPLETED"; IN_TRANSIT: "IN_TRANSIT"; ... 8 more ...; CANCELLED: "CANCELLED"; }'.
src/returns/returns.service.ts(189,46): error TS2339: Property 'REPLACEMENT_SHIPPED' does not exist on type '{ PENDING_APPROVAL: "PENDING_APPROVAL"; APPROVED: "APPROVED"; REJECTED: "REJECTED"; PICKUP_SCHEDULED: "PICKUP_SCHEDULED"; PICKUP_COMPLETED: "PICKUP_COMPLETED"; IN_TRANSIT: "IN_TRANSIT"; ... 8 more ...; CANCELLED: "CANCELLED"; }'.
